npx : [baseline-browser-mapping] The data in this module is 
over two months old.  To ensure accurate Baseline data, 
please update: `npm i baseline-browser-mapping@latest -D`
At line:1 char:1
+ npx jest tests/crud-operations.test.js > jest_output.txt 
2>&1
+ ~~~~~~~~~~~~~~~~~~~~~~~~~~~~~~~~~~~~~~~~~~~~~~~~~~~~~~~~~~
~~~
    + CategoryInfo          : NotSpecified: ([baseline-brow 
   s...ping@latest -D`:String) [], RemoteException
    + FullyQualifiedErrorId : NativeCommandError
 
FAIL tests/crud-operations.test.js
  ΓùÅ Test suite failed to run

    Jest encountered an unexpected token

    Jest failed to parse a file. This happens e.g. when 
your code or its dependencies use non-standard JavaScript 
syntax, or when Jest is not configured to support such 
syntax.

    Out of the box Jest supports Babel, which will be used 
to transform your files into valid JS based on your Babel 
configuration.

    By default "node_modules" folder is ignored by 
transformers.

    Here's what you can do:
     ΓÇó If you are trying to use ECMAScript Modules, see 
https://jestjs.io/docs/ecmascript-modules for how to enable 
it.
     ΓÇó If you are trying to use TypeScript, see 
https://jestjs.io/docs/getting-started#using-typescript
     ΓÇó To have some of your "node_modules" files 
transformed, you can specify a custom 
"transformIgnorePatterns" in your config.
     ΓÇó If you need a custom transformation specify a 
"transform" option in your config.
     ΓÇó If you simply want to mock your non-JS modules 
(e.g. binary assets) you can stub them out with the 
"moduleNameMapper" config option.

    You'll find more details and examples of these config 
options in the docs:
    https://jestjs.io/docs/configuration
    For information about custom transformations, see:
    https://jestjs.io/docs/code-transformation

    Details:

    
C:\Git\LIFELINE-Pro\backend\tests\crud-operations.test.js:1
    ({"Object.<anonymous>":function(module,exports,require,_
_dirname,__filename,jest){import axios from 'axios';
                                                            
                          ^^^^^^

    SyntaxError: Cannot use import statement outside a 
module

      at Runtime.createScriptFromCode 
(node_modules/jest-runtime/build/index.js:1505:14)

Test Suites: 1 failed, 1 total
Tests:       0 total
Snapshots:   0 total
Time:        0.721 s
Ran all test suites matching 
/tests\\crud-operations.test.js/i.
